O 행복동 일대 정전됐어요 -> [{"name":"report_incident","arguments":{"incident_type":"outage","location":"행복동"}}]
O 햇살아파트 102동 전기가 다 나갔어요 -> [{"name":"report_incident","arguments":{"incident_type":"outage","location":"햇살아파트 102동"}}]
O 신촌리 마을 30가구 정전입니다 -> [{"name":"report_incident","arguments":{"incident_type":"outage","location":"신촌리 마을","households":30}}]
O OO리 전봇대가 쓰러졌어요 전선이 바닥에 있어요 위험해요 -> [{"name":"report_incident","arguments":{"incident_type":"pole_down","location":"OO리","hazard":"electrocution"}}]
O 중앙시장 앞 전주 넘어졌습니다 -> [{"name":"report_incident","arguments":{"incident_type":"pole_down","location":"중앙시장 앞"}}]
O 학교 뒤편 전선이 끊어져서 늘어져 있어요 -> [{"name":"report_incident","arguments":{"incident_type":"line_down","location":"학교 뒤편","hazard":"electrocution"}}]
O 다리 옆 전선 끊김 -> [{"name":"report_incident","arguments":{"incident_type":"line_down","location":"다리 옆"}}]
O 우리 집 앞 변압기에서 윙윙 소리가 엄청 나요 -> [{"name":"report_incident","arguments":{"incident_type":"transformer_noise","location":"우리 집 앞"}}]
O 버스정류장 위 변압기 소음 신고합니다 -> [{"name":"report_incident","arguments":{"incident_type":"transformer_noise","location":"버스정류장 위"}}]
O 공원 입구 전주에서 불꽃이 튀어요 -> [{"name":"report_incident","arguments":{"incident_type":"spark","location":"공원 입구"}}]
O 주유소 옆 전선에서 스파크가 나요 불날 것 같아요 -> [{"name":"report_incident","arguments":{"incident_type":"spark","location":"주유소 옆","hazard":"fire"}}]
O 산 밑 변압기에 불이 붙었어요 -> [{"name":"report_incident","arguments":{"incident_type":"fire","location":"산 밑","hazard":"fire"}}]
O 윗마을 전기가 다 나가삔다 아이가 -> [{"name":"report_incident","arguments":{"incident_type":"outage","location":"윗마을"}}]
O 아랫동네 전기 안 들어온 지 두 시간 됐슈 -> [{"name":"report_incident","arguments":{"incident_type":"outage","location":"아랫동네"}}]
O 동사무소 근처 50세대 정전 -> [{"name":"report_incident","arguments":{"incident_type":"outage","location":"동사무소 근처","households":50}}]
O Power is out on Main Street -> [{"name":"report_incident","arguments":{"incident_type":"outage","location":"Main Street"}}]
O A utility pole fell near the river bridge -> [{"name":"report_incident","arguments":{"incident_type":"pole_down","location":"the river bridge"}}]
O Sparks coming from the transformer by the school -> [{"name":"report_incident","arguments":{"incident_type":"spark","location":"the school"}}]
O 오늘 날씨 어때요? -> []
O 전기요금 얼마 나왔는지 알려줘 -> []
O 정전 아니에요 잘 들어와요 -> []
O 이사 가는데 전기 명의 변경하고 싶어요 -> []
O 편의점 앞 전선이 축 늘어졌어요 -> [{"name":"report_incident","arguments":{"incident_type":"line_down","location":"편의점 앞"}}]
O 새마을회관 주변 정전 20가구 정도 -> [{"name":"report_incident","arguments":{"incident_type":"outage","location":"새마을회관 주변","households":20}}]
jax exact 24/24 | ko/out/smoke50_lora.safetensors | W4+A8 | prefill ''
