  backend   gpu  float32
  depth     20 layers
  data      24 examples  seq_len 512  cap 512
  numerics  CQ W4 STE + A8 (matches export)
  lora      rank 16  alpha 32  5 weight groups
  schedule  300 steps  warmup 15  cosine decay  clip 1.0  (compiling...)
E1002 13:41:47.391856    2823 slow_operation_alarm.cc:73] Constant folding an instruction is taking > 1s:

  %dot.138 = f32[110592,128]{1,0} dot(%constant.1833, %constant.1101), lhs_contracting_dims={1}, rhs_contracting_dims={0}, metadata={op_name="jit(train_step)/jvp()/dot_general" stack_frame_id=633}

This isn't necessarily a bug; constant-folding is inherently a trade-off between compilation time and speed at runtime. XLA has some guards that attempt to keep constant folding from taking too long, but fundamentally you'll always be able to come up with an input program that takes a long time.

If you'd like to file a bug, run with envvar XLA_FLAGS=--xla_dump_to=/tmp/foo and attach the results.
E1002 13:41:47.790546    2749 slow_operation_alarm.cc:140] The operation took 3.396407379s
Constant folding an instruction is taking > 1s:

  %dot.138 = f32[110592,128]{1,0} dot(%constant.1833, %constant.1101), lhs_contracting_dims={1}, rhs_contracting_dims={0}, metadata={op_name="jit(train_step)/jvp()/dot_general" stack_frame_id=633}

This isn't necessarily a bug; constant-folding is inherently a trade-off between compilation time and speed at runtime. XLA has some guards that attempt to keep constant folding from taking too long, but fundamentally you'll always be able to come up with an input program that takes a long time.

If you'd like to file a bug, run with envvar XLA_FLAGS=--xla_dump_to=/tmp/foo and attach the results.
  step      6/300  loss 0.5503
  epoch     1/50  loss 0.5503
  step      12/300  loss 0.4520
  epoch     2/50  loss 0.4520
  step      18/300  loss 0.5593
  epoch     3/50  loss 0.5593
  step      24/300  loss 0.1775
  epoch     4/50  loss 0.1775
  step      30/300  loss 0.1282
  epoch     5/50  loss 0.1282
  step      36/300  loss 0.0935
  epoch     6/50  loss 0.0935
  step      42/300  loss 0.0909
  epoch     7/50  loss 0.0909
  step      48/300  loss 0.0946
  epoch     8/50  loss 0.0946
  step      54/300  loss 0.0569
  epoch     9/50  loss 0.0569
  step      60/300  loss 0.0412
  epoch     10/50  loss 0.0412
  step      66/300  loss 0.0292
  epoch     11/50  loss 0.0292
  step      72/300  loss 0.0370
  epoch     12/50  loss 0.0370
  step      78/300  loss 0.0343
  epoch     13/50  loss 0.0343
  step      84/300  loss 0.0214
  epoch     14/50  loss 0.0214
  step      90/300  loss 0.0250
  epoch     15/50  loss 0.0250
  step      96/300  loss 0.0184
  epoch     16/50  loss 0.0184
  step      102/300  loss 0.0549
  epoch     17/50  loss 0.0549
  step      108/300  loss 0.0245
  epoch     18/50  loss 0.0245
  step      114/300  loss 0.0193
  epoch     19/50  loss 0.0193
  step      120/300  loss 0.0031
  epoch     20/50  loss 0.0031
  step      126/300  loss 0.0123
  epoch     21/50  loss 0.0123
  step      132/300  loss 0.0022
  epoch     22/50  loss 0.0022
  step      138/300  loss 0.0054
  epoch     23/50  loss 0.0054
  step      144/300  loss 0.0035
  epoch     24/50  loss 0.0035
  step      150/300  loss 0.0028
  epoch     25/50  loss 0.0028
  step      156/300  loss 0.0032
  epoch     26/50  loss 0.0032
  step      162/300  loss 0.0004
  epoch     27/50  loss 0.0004
  step      168/300  loss 0.0017
  epoch     28/50  loss 0.0017
  step      174/300  loss 0.0006
  epoch     29/50  loss 0.0006
  step      180/300  loss 0.0022
  epoch     30/50  loss 0.0022
  step      186/300  loss 0.0007
  epoch     31/50  loss 0.0007
  step      192/300  loss 0.0013
  epoch     32/50  loss 0.0013
  step      198/300  loss 0.0009
  epoch     33/50  loss 0.0009
  step      204/300  loss 0.0004
  epoch     34/50  loss 0.0004
  step      210/300  loss 0.0005
  epoch     35/50  loss 0.0005
  step      216/300  loss 0.0004
  epoch     36/50  loss 0.0004
  step      222/300  loss 0.0002
  epoch     37/50  loss 0.0002
  step      228/300  loss 0.0004
  epoch     38/50  loss 0.0004
  step      234/300  loss 0.0003
  epoch     39/50  loss 0.0003
  step      240/300  loss 0.0004
  epoch     40/50  loss 0.0004
  step      246/300  loss 0.0003
  epoch     41/50  loss 0.0003
  step      252/300  loss 0.0002
  epoch     42/50  loss 0.0002
  step      258/300  loss 0.0002
  epoch     43/50  loss 0.0002
  step      264/300  loss 0.0008
  epoch     44/50  loss 0.0008
  step      270/300  loss 0.0002
  epoch     45/50  loss 0.0002
  step      276/300  loss 0.0003
  epoch     46/50  loss 0.0003
  step      282/300  loss 0.0002
  epoch     47/50  loss 0.0002
  step      288/300  loss 0.0008
  epoch     48/50  loss 0.0008
  step      294/300  loss 0.0003
  epoch     49/50  loss 0.0003
  step      300/300  loss 0.0004
  epoch     50/50  loss 0.0004
  adapter   ko/out/smoke50_lora.safetensors
  next      needle build checkpoints/needle3.safetensors --lora ko/out/smoke50_lora.safetensors
  note      local tuning leaves the confidence head untrained; needle build drops it and confidence reports None
