  backend   gpu  float32
  depth     20 layers
  data      2700 examples  seq_len 512  cap 512
  numerics  CQ W4 STE + A8 (matches export)
  lora      rank 16  alpha 32  5 weight groups
  schedule  1014 steps  warmup 50  cosine decay  clip 1.0  (compiling...)
  step      20/1014  loss 1.0923
  step      40/1014  loss 0.9627
  step      60/1014  loss 1.0573
  step      80/1014  loss 0.8204
  step      100/1014  loss 0.8788
  step      120/1014  loss 0.6809
  step      140/1014  loss 0.6758
  step      160/1014  loss 0.5398
  step      180/1014  loss 0.4714
  step      200/1014  loss 0.4644
  step      220/1014  loss 0.5243
  step      240/1014  loss 0.4821
  step      260/1014  loss 0.4097
  step      280/1014  loss 0.4040
  step      300/1014  loss 0.4470
  step      320/1014  loss 0.5427
  epoch     1/3  loss 0.4133
  step      340/1014  loss 0.3583
  step      360/1014  loss 0.5057
  step      380/1014  loss 0.3473
  step      400/1014  loss 0.2566
  step      420/1014  loss 0.3193
  step      440/1014  loss 0.2907
  step      460/1014  loss 0.4210
  step      480/1014  loss 0.3748
  step      500/1014  loss 0.3084
  step      520/1014  loss 0.3094
  step      540/1014  loss 0.4916
  step      560/1014  loss 0.4060
  step      580/1014  loss 0.3524
  step      600/1014  loss 0.2278
  step      620/1014  loss 0.2566
  step      640/1014  loss 0.3288
  step      660/1014  loss 0.2967
  epoch     2/3  loss 0.5609
  step      680/1014  loss 0.3138
  step      700/1014  loss 0.3402
  step      720/1014  loss 0.2662
  step      740/1014  loss 0.2560
  step      760/1014  loss 0.3715
  step      780/1014  loss 0.3831
  step      800/1014  loss 0.3118
  step      820/1014  loss 0.3600
  step      840/1014  loss 0.3358
  step      860/1014  loss 0.4012
  step      880/1014  loss 0.3321
  step      900/1014  loss 0.3599
  step      920/1014  loss 0.2291
  step      940/1014  loss 0.2959
  step      960/1014  loss 0.3032
  step      980/1014  loss 0.2863
  step      1000/1014  loss 0.3403
  epoch     3/3  loss 0.2687
  adapter   ko/out/sweep_lr1e-4.safetensors
  next      needle build checkpoints/needle3.safetensors --lora ko/out/sweep_lr1e-4.safetensors
  note      local tuning leaves the confidence head untrained; needle build drops it and confidence reports None
