  backend   gpu  float32
  depth     20 layers
  data      2700 examples  seq_len 512  cap 512
  numerics  CQ W4 STE + A8 (matches export)
  lora      rank 16  alpha 32  5 weight groups
  schedule  1014 steps  warmup 50  cosine decay  clip 1.0  (compiling...)
  step      20/1014  loss 1.0732
  step      40/1014  loss 0.8607
  step      60/1014  loss 0.7748
  step      80/1014  loss 0.5299
  step      100/1014  loss 0.5562
  step      120/1014  loss 0.4283
  step      140/1014  loss 0.4551
  step      160/1014  loss 0.3788
  step      180/1014  loss 0.3484
  step      200/1014  loss 0.3168
  step      220/1014  loss 0.3675
  step      240/1014  loss 0.3439
  step      260/1014  loss 0.2867
  step      280/1014  loss 0.2705
  step      300/1014  loss 0.2808
  step      320/1014  loss 0.3455
E1002 17:57:32.727707   18906 slow_operation_alarm.cc:73] Constant folding an instruction is taking > 1s:

  %add.562 = f32[6,18432,128]{2,1,0} add(%constant.1978, %constant.1107)

This isn't necessarily a bug; constant-folding is inherently a trade-off between compilation time and speed at runtime. XLA has some guards that attempt to keep constant folding from taking too long, but fundamentally you'll always be able to come up with an input program that takes a long time.

If you'd like to file a bug, run with envvar XLA_FLAGS=--xla_dump_to=/tmp/foo and attach the results.
E1002 17:57:32.784147   18838 slow_operation_alarm.cc:140] The operation took 3.671947164s
Constant folding an instruction is taking > 1s:

  %add.562 = f32[6,18432,128]{2,1,0} add(%constant.1978, %constant.1107)

This isn't necessarily a bug; constant-folding is inherently a trade-off between compilation time and speed at runtime. XLA has some guards that attempt to keep constant folding from taking too long, but fundamentally you'll always be able to come up with an input program that takes a long time.

If you'd like to file a bug, run with envvar XLA_FLAGS=--xla_dump_to=/tmp/foo and attach the results.
  epoch     1/3  loss 0.2843
  step      340/1014  loss 0.2174
  step      360/1014  loss 0.3556
  step      380/1014  loss 0.2183
  step      400/1014  loss 0.1687
  step      420/1014  loss 0.2375
  step      440/1014  loss 0.1916
  step      460/1014  loss 0.2884
  step      480/1014  loss 0.2552
  step      500/1014  loss 0.2032
  step      520/1014  loss 0.2494
  step      540/1014  loss 0.3859
  step      560/1014  loss 0.3114
  step      580/1014  loss 0.2879
  step      600/1014  loss 0.1460
  step      620/1014  loss 0.1855
  step      640/1014  loss 0.2662
  step      660/1014  loss 0.2033
  epoch     2/3  loss 0.4627
  step      680/1014  loss 0.2240
  step      700/1014  loss 0.2385
  step      720/1014  loss 0.1876
  step      740/1014  loss 0.1853
  step      760/1014  loss 0.2368
  step      780/1014  loss 0.2602
  step      800/1014  loss 0.2129
  step      820/1014  loss 0.2761
  step      840/1014  loss 0.2221
  step      860/1014  loss 0.3271
  step      880/1014  loss 0.2416
  step      900/1014  loss 0.2774
  step      920/1014  loss 0.1767
  step      940/1014  loss 0.1993
  step      960/1014  loss 0.2400
  step      980/1014  loss 0.2028
  step      1000/1014  loss 0.2590
  epoch     3/3  loss 0.1796
  adapter   ko/out/sweep_lr3e-4.safetensors
  next      needle build checkpoints/needle3.safetensors --lora ko/out/sweep_lr3e-4.safetensors
  note      local tuning leaves the confidence head untrained; needle build drops it and confidence reports None
