  backend   gpu  float32
  depth     20 layers
  data      3000 examples  seq_len 512  cap 512
  numerics  CQ W4 STE + A8 (matches export)
  lora      rank 16  alpha 32  5 weight groups
  schedule  1125 steps  warmup 56  cosine decay  clip 1.0  (compiling...)
  step      22/1125  loss 1.0415
  step      44/1125  loss 0.5330
  step      66/1125  loss 0.6378
  step      88/1125  loss 0.3815
  step      110/1125  loss 0.3230
  step      132/1125  loss 0.2016
  step      154/1125  loss 0.2954
  step      176/1125  loss 0.2619
  step      198/1125  loss 0.3608
  step      220/1125  loss 0.2906
  step      242/1125  loss 0.2898
  step      264/1125  loss 0.2919
  step      286/1125  loss 0.2530
  step      308/1125  loss 0.2807
  step      330/1125  loss 0.1964
  step      352/1125  loss 0.1019
  step      374/1125  loss 0.2329
  epoch     1/3  loss 0.2594
  step      396/1125  loss 0.2847
  step      418/1125  loss 0.2473
  step      440/1125  loss 0.1525
  step      462/1125  loss 0.2511
  step      484/1125  loss 0.1697
  step      506/1125  loss 0.1518
  step      528/1125  loss 0.2296
  step      550/1125  loss 0.2051
  step      572/1125  loss 0.1423
  step      594/1125  loss 0.1689
  step      616/1125  loss 0.1820
  step      638/1125  loss 0.1500
  step      660/1125  loss 0.3384
  step      682/1125  loss 0.2168
  step      704/1125  loss 0.2731
  step      726/1125  loss 0.1921
  step      748/1125  loss 0.2144
  epoch     2/3  loss 0.2052
  step      770/1125  loss 0.1431
  step      792/1125  loss 0.1543
  step      814/1125  loss 0.2053
  step      836/1125  loss 0.1461
  step      858/1125  loss 0.1540
  step      880/1125  loss 0.1626
  step      902/1125  loss 0.1866
  step      924/1125  loss 0.1380
  step      946/1125  loss 0.2158
  step      968/1125  loss 0.2474
  step      990/1125  loss 0.1254
  step      1012/1125  loss 0.1561
  step      1034/1125  loss 0.1478
  step      1056/1125  loss 0.2421
  step      1078/1125  loss 0.2360
  step      1100/1125  loss 0.1768
  step      1122/1125  loss 0.2103
  epoch     3/3  loss 0.1321
  adapter   ko/out/ko_lora.safetensors
  next      needle build checkpoints/needle3.safetensors --lora ko/out/ko_lora.safetensors
  note      local tuning leaves the confidence head untrained; needle build drops it and confidence reports None
